<?xml version="1.0" encoding="UTF-8"?>
<testsuites>
  <testsuite name="CLI Arguments" tests="1" assertions="8" errors="0" failures="0" skipped="0" time="0.290162">
    <testsuite name="Component\ServiceTest" file="/mnt/c/Projects/org_structure/tests/Component/ServiceTest.php" tests="1" assertions="8" errors="0" failures="0" skipped="0" time="0.290162">
      <testcase name="testCreateEditAndDeleteBranch" file="/mnt/c/Projects/org_structure/tests/Component/ServiceTest.php" line="15" class="Component\ServiceTest" classname="Component.ServiceTest" assertions="8" time="0.290162"/>
    </testsuite>
  </testsuite>
</testsuites>
